<html>
<body>
<pre>
<h1>µVision Build Log</h1>
<h2>Project:</h2>
C:\Users\ahmed\Desktop\asteroid-on-stm32\asteroidonarm\STM32-LCD-TFT.Uv2
Project File Date:  07/20/2014

<h2>Output:</h2>
Build target 'STM3210B-EVAL'
compiling lcd_dis24.c...
user\lcd.h(20): warning:  #1295-D: Deprecated declaration LCD_Flip - give arg types
  void LCD_Flip();
user\lcd.h(24): warning:  #1295-D: Deprecated declaration LCD_ClearFB - give arg types
  void LCD_ClearFB();
user\lcd_dis24.c: 2 warnings, 0 errors
linking...
Program Size: Code=8224 RO-data=1800 RW-data=32 ZI-data=44536  
FromELF: creating hex file...
".\Obj\STM32_FD_USART.axf" - 0 Error(s), 2 Warning(s).
recated declaration LCD_ClearFB - give arg types
  void LCD_ClearFB();
user\main.c(296): warning:  #1-D: last line of file ends without a newline
         
user\main.c: 3 warnings, 0 errors
linking...
Program Size: Code=8224 RO-data=1800 RW-data=32 ZI-data=53112  
FromELF: creating hex file...
".\Obj\STM32_FD_USART.axf" - 0 Error(s), 5 Warning(s).
=1800 RW-data=32 ZI-data=48336  
FromELF: creating hex file...
".\Obj\STM32_FD_USART.axf" - 0 Error(s), 6 Warning(s).
_ClearFB();
user\graphics.c(310): warning:  #177-D: variable "vertex" was declared but never referenced
                int vertex; 
user\graphics.c: 3 warnings, 0 errors
compiling misc.c...
compiling stm32f10x_exti.c...
compiling stm32f10x_fsmc.c...
compiling stm32f10x_gpio.c...
compiling stm32f10x_rcc.c...
compiling stm32f10x_usart.c...
assembling startup_stm32f10x_hd.s...
compiling core_cm3.c...
compiling system_stm32f10x.c...
linking...
Program Size: Code=8224 RO-data=1800 RW-data=32 ZI-data=48336  
FromELF: creating hex file...
".\Obj\STM32_FD_USART.axf" - 0 Error(s), 8 Warning(s).
8 RW-data=32 ZI-data=48336  
FromELF: creating hex file...
".\Obj\STM32_FD_USART.axf" - 0 Error(s), 9 Warning(s).
